Traceback (most recent call last):
  File "/opt/hostedtoolcache/Python/3.11.15/x64/lib/python3.11/site-packages/jupyter_cache/executors/utils.py", line 58, in single_nb_execution
    executenb(
  File "/opt/hostedtoolcache/Python/3.11.15/x64/lib/python3.11/site-packages/nbclient/client.py", line 1323, in execute
    return NotebookClient(nb=nb, resources=resources, km=km, **kwargs).execute()
           ^^^^^^^^^^^^^^^^^^^^^^^^^^^^^^^^^^^^^^^^^^^^^^^^^^^^^^^^^^^^^^^^^^^^^
  File "/opt/hostedtoolcache/Python/3.11.15/x64/lib/python3.11/site-packages/jupyter_core/utils/__init__.py", line 165, in wrapped
    return loop.run_until_complete(inner)
           ^^^^^^^^^^^^^^^^^^^^^^^^^^^^^^
  File "/opt/hostedtoolcache/Python/3.11.15/x64/lib/python3.11/asyncio/base_events.py", line 654, in run_until_complete
    return future.result()
           ^^^^^^^^^^^^^^^
  File "/opt/hostedtoolcache/Python/3.11.15/x64/lib/python3.11/site-packages/nbclient/client.py", line 709, in async_execute
    await self.async_execute_cell(
  File "/opt/hostedtoolcache/Python/3.11.15/x64/lib/python3.11/site-packages/nbclient/client.py", line 1062, in async_execute_cell
    await self._check_raise_for_error(cell, cell_index, exec_reply)
  File "/opt/hostedtoolcache/Python/3.11.15/x64/lib/python3.11/site-packages/nbclient/client.py", line 918, in _check_raise_for_error
    raise CellExecutionError.from_cell_and_msg(cell, exec_reply_content)
nbclient.exceptions.CellExecutionError: An error occurred while executing the following cell:
------------------
root = ElementTree.fromstring(response.text)
# Extract <link> element with the OSDD for the granule search
el = root.find('{http://www.w3.org/2005/Atom}entry/{http://www.w3.org/2005/Atom}link[@rel="search"][@type="application/opensearchdescription+xml"]')
xmltxt = ElementTree.tostring(el, encoding='unicode', method='xml')
md("```xml\n" + xmltxt + "\n```\n")
------------------


[31m---------------------------------------------------------------------------[39m
[31mAttributeError[39m                            Traceback (most recent call last)
[36mCell[39m[36m [39m[32mIn[9][39m[32m, line 4[39m
[32m      1[39m root = ElementTree.fromstring(response.text)
[32m      2[39m [38;5;66;03m# Extract <link> element with the OSDD for the granule search[39;00m
[32m      3[39m el = root.find([33m'{http://www.w3.org/2005/Atom}entry/{http://www.w3.org/2005/Atom}link[@rel="search"][@type="application/opensearchdescription+xml"]'[39m)
[32m----> [39m[32m4[39m xmltxt = ElementTree.tostring(el, encoding=[33m'unicode'[39m, method=[33m'xml'[39m)
[32m      5[39m md([33m"```xml\n"[39m + xmltxt + [33m"\n```\n"[39m)

[36mFile [39m[32m/opt/hostedtoolcache/Python/3.11.15/x64/lib/python3.11/xml/etree/ElementTree.py:1099[39m, in [36mtostring[39m[34m(element, encoding, method, xml_declaration, default_namespace, short_empty_elements)[39m
[32m   1085[39m [38;5;250m[39m[33;03m"""Generate string representation of XML element.[39;00m
[32m   1086[39m 
[32m   1087[39m [33;03mAll subelements are included.  If encoding is "unicode", a string[39;00m
[32m   (...)[39m[32m   1096[39m 
[32m   1097[39m [33;03m"""[39;00m
[32m   1098[39m stream = io.StringIO() [38;5;28;01mif[39;00m encoding == [33m'[39m[33municode[39m[33m'[39m [38;5;28;01melse[39;00m io.BytesIO()
[32m-> [39m[32m1099[39m [30;43mElementTree[39;49m[30;43m([39;49m[30;43melement[39;49m[30;43m)[39;49m[30;43m.[39;49m[30;43mwrite[39;49m[30;43m([39;49m[30;43mstream[39;49m[30;43m,[39;49m[30;43m [39;49m[30;43mencoding[39;49m[30;43m,[39;49m
[32m   1100[39m [30;43m                           [39;49m[30;43mxml_declaration[39;49m[30;43m=[39;49m[30;43mxml_declaration[39;49m[30;43m,[39;49m
[32m   1101[39m [30;43m                           [39;49m[30;43mdefault_namespace[39;49m[30;43m=[39;49m[30;43mdefault_namespace[39;49m[30;43m,[39;49m
[32m   1102[39m [30;43m                           [39;49m[30;43mmethod[39;49m[30;43m=[39;49m[30;43mmethod[39;49m[30;43m,[39;49m
[32m   1103[39m [30;43m                           [39;49m[30;43mshort_empty_elements[39;49m[30;43m=[39;49m[30;43mshort_empty_elements[39;49m[30;43m)[39;49m
[32m   1104[39m [38;5;28;01mreturn[39;00m stream.getvalue()

[36mFile [39m[32m/opt/hostedtoolcache/Python/3.11.15/x64/lib/python3.11/xml/etree/ElementTree.py:742[39m, in [36mElementTree.write[39m[34m(self, file_or_filename, encoding, xml_declaration, default_namespace, method, short_empty_elements)[39m
[32m    740[39m     _serialize_text(write, [38;5;28mself[39m._root)
[32m    741[39m [38;5;28;01melse[39;00m:
[32m--> [39m[32m742[39m     qnames, namespaces = [30;43m_namespaces[39;49m[30;43m([39;49m[30;43mself[39;49m[30;43m.[39;49m[30;43m_root[39;49m[30;43m,[39;49m[30;43m [39;49m[30;43mdefault_namespace[39;49m[30;43m)[39;49m
[32m    743[39m     serialize = _serialize[method]
[32m    744[39m     serialize(write, [38;5;28mself[39m._root, qnames, namespaces,
[32m    745[39m               short_empty_elements=short_empty_elements)

[36mFile [39m[32m/opt/hostedtoolcache/Python/3.11.15/x64/lib/python3.11/xml/etree/ElementTree.py:843[39m, in [36m_namespaces[39m[34m(elem, default_namespace)[39m
[32m    840[39m         _raise_serialization_error(qname)
[32m    842[39m [38;5;66;03m# populate qname and namespaces table[39;00m
[32m--> [39m[32m843[39m [38;5;28;01mfor[39;00m elem [38;5;129;01min[39;00m [30;43melem[39;49m[30;43m.[39;49m[30;43miter[39;49m():
[32m    844[39m     tag = elem.tag
[32m    845[39m     [38;5;28;01mif[39;00m [38;5;28misinstance[39m(tag, QName):

[31mAttributeError[39m: 'NoneType' object has no attribute 'iter'

